 Abiem Ngesti
    Air Susu Ibu
    Akan Kuingat
    Astaghfirullah
    Bandar Dangdut
    Banjir
    Batas Kesabaran
    Bebas Bercita-Cita
    Bencana
    Bila Burung Camar Kembali
    Buta
    Bukan Dia
    Bukan Tanda Dasa
    Bunga Cinta Pertiwi
    Cerita Sang Dewa
    Cintanya
    Dahsyat
    Digoda Cinta
    Dihatiku Ada Kamu
    Demi Persatuan Bangsa
    Fitrah Cinta
    Gempa
    Ini Dangdut
    Ini Jaman Uang
    Jakarta
    Jangan Bikin Gaduh
    Janji Syetan
    Kan Kuraih Cintamu
    Lagu Untuk Diana
    Leila
    Mari Bersatu
    Mari Mengejar Cita
    Mentari
    Metropolitan
    Mimpi
    Mohon Pamit
    Musibah
    Ogah Mati
    Pangeran Dangdut
    Patuhi Peraturan
    Pengamen Kecil
    Persatuan
    Perang Lokal
    Rindu Lagi
    Rekayasa Cinta
    Renungkan
    Rocker Dangdut
    Sadarlah
    Sang Juara
    Sang Idola
    Satria Indonesia
    Sebatang Kara
    Seiring Langkah
    Selangit
    Semua Yang Percuma
    Semut Api
    Sonia
    Tante Yuli
    Tetap Kuterima
Alam
    Ibu
    Gersang
    Kau
    Mbah Dukun
    Ngelamar
    Shabu-Shabu
    Sindy
    Sumpah
Anies Fitria
    14 Malam
    Diam Bukan Tak Tahu
    Gaple
    Maunya Ada Dia
    Suratmu
    Tak Pernah Cukup
    Wujudkanlah
    Siapapun Tak Rela
    Awal Pertemuan
    Tiada Lagi Sayang
    Sonata Cinta
    Puri Cinta
Asep Irama
    Aku Di Barat Engkau Di Timur
    Aku Dilahirkan Untuk Siapa
    Bunga Teratai
    Calon Ibu
    Cerita Cinta
    Dara
    Jangan Menangis
    Kembalikanlah Dia
    Kembalilah Sayang
    Orang Ketiga
    Perangkap Godaan Setan
Asmin Cayder
    Nasib Sopir
    Tembok Derita
    Sekian
Ashraff
    Gembala Cinta
    Sharmila
    Bukan Sebarang Cinta
    Cinta K.L Jakarta
    Derita Yang Menimpa
    Emosi
    Jodoh
    Karena Hujan
    Purnama Jadi Saksi
    Rasa Rindu
    Rebah
    Siapa
Ayu Soraya
    Acong Jadi Amir
    Aku Wanita Dia Wanita
    Apa Sih Maunya
    Asmara Terpendam
    Asyik Bercinta
    Bahagia Di Atas Derita
    Bilang Saja
    Bola-Bola Cinta
    Boleh-Boleh Saja
    Boy Pakai Jimat
    Bulan
    Bunga Bunga Api
    Cinta Berpayung Bulan
    Cuma Satu
    Di Balik Kacamata Hitam
    Demam Asmara
    Demam Cinta
    Hampir Saja
    Janda Anak Pak Lurah
    Kangen Berat
    Kesepian
    Kucing Hitam
    Mat Bobby
    Menanti Kehadiran
    Mereka Yang Bercinta
    Musnah
    Pantai Kuta
    Rela
    Rindu Kepastian
    Salam Sayang
    Satu Pondok Dua Cinta
    Untuk Apa (NN)
A. Rafiq
    Aku Atau Dia
    Bunga Hati
    Cantik
    Cinta Berdarah
    Farida
    Harapan Hampa
    Insaflah
    Jangan Cemburu
    Jangan Sakiti Hati wanita
    Janji
    Karena Dia
    Kecewa
    Kesunyian Jiwa
    Kisah Jang Sedih
    Kisah Seorang Penyanyi
    Kumbang Merana
    Lirikan Mata
    Menanti
    Milikku I
    Milikku II
    Pandangan Pertama
    Pantun Jenaka
    Pantun Nasehat
    Pengalaman Pertama
    Penyesalan
    Pergi Tanpa Pesan
    Rahasia Hati
    Rintik-Rintik Hujan
    Si Miskin Bercinta
    Tercantik Didunia
    Termenung
    Usah Bertanya

Camelia Malik
    Asyik-Asyik
    Air Mata
    Bulan Purnama
    Bulan Pun Berkaca
    Cintamu Dan Cintaku
    Colak Colek (New Version)
    Derita Bercerita
    Deritamu Deritaku
    Dusta
    Gelisah
    Gelitik Cinta
    Gengsi Dong
    Goyang Senggol
    Hargai Cinta
    Idih Idih
    Jelita (New Version)
    Kalangkang Cinta
    Kecup-Kecup (Oh Asyik)
    Kecup-Kecup
    Kedap Kedip
    Malu Tapi Mau
    Mana Hatimu
    Musibah
    Namamu Namaku
    Liku-liku
    Orang Kedua
    Pura-Pura
    Rekayasa Cinta
    Rindu Berat
    Sadarlah
    Sampai Hati
    Segudang Rindu
    Suka Sama Suka
    Tidak Semua Wanita
    Tidurlah Adikku
    Ulang Tahun
    Wakuncar
Caca Handika
    Air Mata Bawang
    Angka Satu
    Antara Jawa Sumatera
    Bakar Kemenyan
    Cincin Putih
    Empat Kali Empat
    Gantungan Baju
    Hilang Tak Berkesan
    Jandaku
    Jangan Harap Aku Mengalah
    Jangan Mengharap
    Kasih Sekejap
    Keridit
    Mandi Kembang
    Orang Sekampung
    Pesan Perpisahan
    Ramina
    Sedih Sekali
    Semua Tau
    Tanamor
    Termenung
    Undangan Palsu
Cici Paramida
    Anugerah Cinta
    Candu Asmara
    Cinta Di Buat Buat
    Cintaku Bulat-bulat
    Dendang Sayang
    Dewa Cinta
    Dewi Malam
    Getaran Rindu
    Galau
    Jangan Tunggu Lama-lama
    Karunia Cinta
    Kecewa
    Kerinduan
    Lha Ini Baru Enak
    Nyanyian Hati
    Pesona Mimpi
    RT5 RW 3
    Sejuta Kata
    Tak Terpisahkan
    Telaga Asmara
    Trauma
    Wulan Merindu
    Yang Paling Kusayang
Cucu Cahyati
    Bumi Makin Panas
    Ditekan Sedikit
    Jumpa Kangen
    Keluar Masuk
    Mabuk Judi
    Penonton
    Peristiwa Silam
    Petualang
    Terguling-guling
    Salam Sayang
    Sawer
Dayu AG
    Atas Nama Cinta
    Birunya Cinta
    Bisikan Hati
    Tabah
    Untuk Siapa
Dewi Purwati
    Aturan Cinta
    Bohong Lagi
    Duri Perkawinan
    Gara-gara Aa
    Gopek Lagi
    Jakarta Medan
    Jumpa Pertama
    Makan Hati
    Pak Pos
    Primbon Cinta
Elvy Sukaesih
    17 Tahun
    Air Mata Kasih
    Akhir Cintaku
    Akhir Perpisahan
    Aku Gembira
    Aku Ingin Bebas
    Aku Tak Mau Dimadu
    Andeca Andeci
    Asal Sombong
    Awas
    Asam Garam
    Ayah Bunda
    Ayah Kawin Lagi
    Ayo Dong
    Baju Pengantin
    Bayanganmu
    Berbulan Madu
    Bercanda
    Berdarah Lagi
    Bergilir
    Berjanji
    Biarkan Aku Sendiri
    Bila Kau Sadar
    Bimbang
    Birahi
    Bisikan Kasih
    Bisik-bisik Tetangga
    Bukan Harta
    Bukan Milikmu
    Bukankah Kau Tahu
    Bulan
    Bulan Di Ranting Cemara
    Bulu Bertemu Bulu
    Cambuk Derita
    Cari Kerja
    Cincin Kawin
    Cincin Kepalsuan
    Cinta Abadi
    Cinta Berduri
    Cinta Bersemi
    Cinta Pertama
    Cinta Rahasia
    Cinta Yang Hilang/Rindu Menanti
    Cinta Yang Pudar
    Ciumlah Bibirku
    Coba Dengarkan
    Colak-colek
    Cubit-cubitan
    Curi-curi
    Darah Tinggi
    Datang Untuk Pergi
    Demi Cinta
    Dendam Kebencian
    Deritaku
    Derita Dalam Cinta
    Di Mana
    Di Mana Dia
    Di Mana Kau Ibu
    Ditelan Alam
    Doa Hatiku
    Doa Suci
    Dosa Masa Lalu
    Dua Tambah Tiga
    Dusta
    Fitriyah Kusayang
    Gadis Atau Janda
    Gara-gara Jerawat
    Gedung Tua
    Gersang
    Gula-gula
    Habibi
    Hampir Saja
    Hasrat Murni
    Hati Yang Merana
    Hati Yang Patah
    Hello-hello
    Hidung Belang
    Ibu Tiriku
    I Love You
    Insan Bercinta
    Irama Cinta
    Istri Yang Setia
    Izinkanlah
    Jamilah
    Jam Lima
    Janda
    Janda Kembang
    Jangan Berjudi
    Jangan Dong
    Jangan-jangan
    Jangan Kau Pergi
    Jangan Malu
    Jangan Pegang Dulu
    Jatuh Cinta
    Jauh Di Mata
    Jumpa Semalam
    Kabut Biru
    Kagum
    Kampungan
    Karena Asmara
    Karena Janji
    Karena Judi
    Karena Pengalaman
    Karena Takdir
    Karenamu
    Kasih Sayang
    Kau Kutanggung
    Kasih Yang Kejam
    Ke Monas
    Ke Pasar Minggu
    Kecewa
    Kehancuran Cinta
    Kejam
    Kenangan
    Kepalsuan Jiwa
    Kereta Malam
    Kerinduan Hati
    Kiamat Sudah Dekat
    Kopi Susu
    Krebo
    Kubawa
    Kuda Lumping
    Kunci Rahasia
    Kupu-kupu
    Lagu Untuk Sahabat
    Laela Bonita
    Lamunanku
    Lembarang Terakhir
    Lho Kok Marah
    Lonceng Tengah Malam
    Luka
    Lukisan Kecemasan
    Maharaja
    Malam Asmara
    Malu
    Mama Papa
    Mandi Madu
    Mandul
    Mari Joget
    Mari-mari
    Mencari Mangsa
    Mengapa Dia
    Mengapa Merana
    Menghitung Bintang
    Mimpi Buruk
    Mimpi Terindah
    Mini Midi Mixi
    Minta Gelang
    Nasib Dimadu
    Oh Mahkotaku
    Oh Nasib
    Padamu Jua
    Pagi Yang Indah
    Pasungan Duka
    Pecah Seribu
    Pengabdian Seorang Wanita
    Pengakuan Jiwa
    Pengemis Buta
    Pengobat Rindu
    Penyesalan
    Perih
    Permata Hati
    Pesan Untukmu
    Pesta Panen
    Peti Ajaib
    Petualang Cinta
    Pintaku
    Pintu Taubat
    Pulanglah
    Racun Asmara
    Rama dan Shinta
    Rambate Rata Hayo
    Rasa Kasihku
    Ratapan Doa
    Ratu Malam
    Rindu
    Rujuk
    Salah Sangka
    Salamku
    Saling Memilih
    Saling Tergoda
    Sampai Kapankah
    Sampai Pagi
    Sampaikan Salamku
    Satu Antara Dua
    Satu Syarat
    Sayang
    Sebatas Angan
    Sebuah Nama
    Sedapnya Kawin
    Sedingin Salju
    Sekuntum Mawar Merah
    Selamat
    Semoga Mengerti
    Sengaja
    Sesal
    Sikut Kanan Sikut Kiri
    Sorga Dunia
    Suami Yang Kejam
    Sumpah Benang emas
    Sunyi Dalam Duka
    Surat Cerai
    Sya La La
    Tak Mungkin
    Tak Tahan Dimadu
    Takut Digoda
    Tak Kusangka
    Taman Impian
    Tanda Merah
    Tangisan Asmara
    Tangis Bahagia
    Tepuk Nyamuk
    Tercapai
    Terharu
    Terimalah Harapanku
    Tidak Sendiri
    Tujuh Sumur
    Tunggu Sebentar
    Ulang Tahun Jakarta
    Untukmu
    Usah Kau Ganggu
    Wahai Kaumku
    Wanita dan Dosa
Ellya Khadam
    Abang Sayang
    Akele Akele
    Api Cinta
    Bang Yahya
    Bebaskan Aku
    Bintang Dan Sutradara
    Bisikan Cintaku
    Beban Asmara
    Boneka Dari India
    Bulan Purnama
    Buruk Sangka
    Cari-cari
    Deritaku
    Ditinggal Asmara
    Dua Pacar
    Ellya
    Hanya Satu Yang Kupinta
    Hati Yang Merana
    In Dan Dip
    Ingin Kembali
    Jakarta India
    Jangan Ragu
    Janji
    Kau Pergi Tanpa Pesan
    Kebimbangan
    Kopi Susu
    Kuasa Ilah
    Laki-Laki Pilihan
    Maafkanlah
    Malam Berbintang
    Malam Gembira
    Malam Pengantin
    Mari Kemari
    Menang Lomba Joget
    Miskin
    Pandai Berdusta
    Pengertian
    Percayalah
    Pernyataanku
    Pintaku
    Saat Perpisahan
    Sibuta Jatuh Cinta
    Seiya Sekata
    Sungguh Kejam
    Tak Jemu Menggoda
    Tak Suci Lagi
    Tak Setuju
    Termenung
    Tukang Foto
    Tukang Jamu
    Tukang Ramal
    Wahai Sayang
Endang Triswati
    Ada Setan
    Arti Cinta
    Bagi-bagi Dong
    Cari Pacar
    Sabar Dong Say
    Sengsara dan Bahagia
    Tamu Malam Minggu
    Titian Kasih
Erie Suzan
    Cinta
    Hujan
    Jangan Buang Waktuku
    Khususnya Malam Ini
    Ku Tak Bisa
    Mabuk Duit
    Mau Bilang Apa
    Mimpi
    Muara Kasih Bunda
    Radio Dangdut
    Selamat Tinggal
    Tidak
Evie Tamala
    1001 Hari
    Ada Apanya Sih
    Ada Rindu
    Aduh Sayang
    Air Mata
    Aku Rindu Padamu
    Apa Yang Kau Cari
    Asmara
    Bagai Sembilu
    Cinta Biru
    Cinta Ketok Magic
    Cinta Parabola
    Demi Cinta
    Di Bawah Sinar Bulan
    Dia Adalah Dia
    Dia
    Dokter Cinta
    Duka
    Gadis Miskin
    Gelisahku
    Gelora Cinta
    Getar
    Hari-hari Cinta
    Ikhlas
    Janji
    Jatuh Cinta Lagi
    Jogja Bandung
    Kandas
    Kang Mas
    Kangen
    Karenamu
    Kasmaran
    Kau Tetap Ku Kenang
    Kekal
    Kelam
    Kerinduan
    Kesunyian
    Ku Ingin
    Kumismu
    Lilin-lilin Putih
    Luka Di Atas Luka
    Lukaku
    Malam Ini
    Masih Adakah Waktu
    Mendamba
    Nada-nada Cinta
    Nelongso
    Nyanyian Rindu
    Pasrahku
    Permata Hati
    Pesona Cinta
    Potret Tua
    Racun Cinta
    Rahasia Cinta
    Rambut
    Rembulan Malam
    Renungku
    Sabila
    Salam Mesra
    Sayang
    Sebuah Harapan
    Sebuah Janji
    Selamat Datang
    Selamat Malam
    Selamat Ulang Tahun
    Salam Terindah
    Seribu Purnama
    Seruling Malam
    Suara Hati
    Takdir
    Tang Ting Tong Der
    Terkejut
    Terlalu Sayang
    Tunggara
Gebby Parera
    Pembaringan Terakhir
    Rembulan Dan Kenangan
Hamdan ATT
    Ada Rasa
    Aku Bukan Dia
    Asmara Dewi
    Bekas Pacar
    Berdosa
    Berkawan Duka
    Bersemilah
    Bunga-bunga Ganja
    Cinta Sebatang Tebu
    Debu Jalanan
    Dingin
    Dingin (2)
    Disakiti dan Dihina
    Dua Muka
    Emas Jadi Tembaga
    Gubuk Derita
    Gunung Tak Seberat Dosa
    Harta Dan Cinta
    Hidup Pas-pasan
    Jana Zana
    Jangan Cintai Aku
    Kau
    Kecewa
    Keruntuhan Cinta
    La Intan
    Laila
    Mabuk Judi
    Maya
    Menyesal Aku Menyesal
    Pantas Tak Pantas Kau Tetap Milikku
    Patah Kemudi
    Pasrah
    Pendusta
    Petualang Cinta
    Sandiwara Cinta
    Secangkir Kopi
    Senyumlah Sayang
    Sintya
    Sumpah Mati
    Tak Tega
    Termiskin Di Dunia
Herlina Effendi
    Aku Atau Dia
    Cuma Dia
    Gedung Derita
    Goyang Dangdut
    Harga DiriHati
    Yang Rindu
    Jangan Marah
    Kau Buka Aku Masuk
    Kerinduan
    Korban Kawin Muda
    Pemuda Idaman
    Rekening 5 Milyar
    Satu Bibir Dua Cinta
    Suling Bambu
    Wanita
Ida Laila
    Adzan
    Aku Ini Anak Manusia
    Aku Merana
    Anak Haram
    Anak Pungut
    Anakku Sayang Anakku Malang
    Apa Daya
    Asmane Walisongo
    Bersujudlah
    Bahasa Cinta
    Buku Harian
    Bukan Jodohku
    Bunga Dahlia
    Bunga Layu
    Cemburu
    Cintaku
    Cinta dan Air Mata
    Cinta Pertama
    Cukup Sekali
    Cukup Sudah
    Dimana Ayahku
    Dip-dip
    Dunia
    Hanya Untukmu
    Hari Dibangkitkan
    Hari Jumat
    Heran
    Hidup Sesudah Mati
    Hidup Sejati
    Hukum Karma
    Ibu Tiri
    Ingin Jumpa
    Istri Saleha (Teladan)
    Jailangkung
    Jangan Cemburu
    Jangan Menangis Mama
    Jangan Termenung
    Kata Hati
    Kata Terakhir
    Kau Anak Siapa
    Khayalan Masa Lalu
    Kebingungan
    Keluhan Ibu
    Kemana Dia
    Kenangan Abadi
    Kejam
    Kepastianku
    Kesepian
    Kisah Antara Remaja
    Korban
    Kunang-kunang
    Keagungan Tuhan
    Kunang-Kunang
    Lepaskanlah
    Loper Susu
    Maafkan Aku Tak Berdaya
    Maafkanlah
    Main Mata
    Maksiat dan Taqwa
    Mata Keranjang
    Munafik
    Musim Semi
    Numpang Mandi
    Pacar Yang Lincah
    Paling Nakal
    Pengampunan Dosa
    Pengaruh Minuman
    Penyesalan Diri
    Pergi Berkelana
    Pintu Taubat
    Pusara Ibu
    Rita
    Sahabatku
    Saling Setia
    Sapu Tangan Merah
    Senyumlah
    Seorang Biduan
    Sepiring Berdua
    Seribu Janji
    Setelah Jumpa Pertama
    Seumur Jagung
    Siksa Kubur
    Simpan Tangismu
    Si Miskin
    Sinis
    Surat Cinta
    Suara Hati
    Tangis Kerinduan
    Tak Bahagia
    Tangan Dan Bibir
    Tega
    Terhina
    Termenung
    Wanita Sekarang
Iis Ariska
    Racun Asmara
    Gerimis Mengundang
    Mencari Alasan
Iis Dahlia
    Air Mata Tiada Arti
    Ajarkan
    Apa Sih Kurangnya Aku
    Arjun
    Bagai Ranting Kering
    Beban Asmara
    Bulan Purnama
    Cinta Bukanlah Kapal
    Cinta Yang Ternoda
    Darah Biru
    Di Ambang Sore
    Ditinggal Kekasih
    Dosa dan Siksa
    Fatwa Pujangga
    Gelisah Hatiku
    Harga Diri
    Hatiku Bukan Batu
    Ibarat Mencari Jarum Di Lautan
    Kasih
    Kecewa
    Malang
    Mata Hati
    Musibah
    Payung Hitam
    Pergi Tanpa Pesan
    Ratapan Anak Tiri
    Renungkanlah
    Sadarkah
    Sakitnya Hatiku
    Seroja
    Sopir Taksi dan Gadis Desa
    Tamu Tak Diundang
    Tanda Kasih (Cinta)
    Timang-timang
Ikke Nurjanah
    Aib
    Anak Haram
    Antara Bumi dan Langit
    Apa Salahku
    Asyik Juga
    Ati Nelongso
    Bagai Disambar Petir
    Bibir Bermadu
    Birunya Rindu
    Bukan Jodohku
    Bunga Dahlia
    Cambuk Derita
    Cinta dan Dilema
    Cinta Putih
    Cinta Suci
    Gelang Alit
    Iki Lho Mas
    Jeritan Hati
    Kejam
    Ketalang Petang
    Khayalan Masa Lalu
    Luka
    Malam Yang Indah
    Merpati Putih
    Munafik
    Nomor Satu
    Ojo Lali
    Ojo Suwe-suwe
    Padang Bulan
    Pengalaman Bercinta
    Rela-rela
    Saat Jumpa Pertama
    Seikat Mawar
    Selalu Milikmu
    Senggol-senggol
    Senyum Dan Hatimu
    Seperti Apa
    Sepi
    Seruling Cinta
    Suara Hati
    Tak Tercapai
    Terhina
    Terlanjur
    Terlena
    Tersenyum Kembali
    Yang
    Yang Terbaik
Imam S. Arifin
    Akhir Sebuah Cinta
    Aku Terluka Diapun Terluka
    Ancor Pesena Telor
    Ani
    Antara Cinta dan Dosa
    Azizah
    Bencana Cinta
    Berdayung Cinta (Feat)
    Bunga Hati
    Dia Lelaki Aku Lelaki
    Doa Suci
    Hitam Manis
    Hujan Duri
    Hukumlah Cintaku
    Jandaku
    Jangan Tinggalkan Aku
    Kecewa
    Lambaian Terakhir
    Mau Tidak Mau
    Menari Di Atas Luka
    Nilai Harga Diri
    Pengadilan Cinta
    Potret Kenangan
    Sebelum Bobo
    Semakin Cinta
    Senandung Rembulan
    Siapakah Aku
    Tanpa Kamu
    Tiada Kata Berpisah
    Yang Pernah Kau Sayang
    Yang Tersayang
Indah Sundari
    Ketuk Tilu
    Kompas Cinta
    Lukisan Cinta
Ine Sinthya
    Aku Tak Menyerah
    Angan Angan Cinta
    Asmara Kelapa Muda (Feat Solid AG)
    Atas Nama Cinta
    Ayam Dan Burung
    Bujang Merana (Feat Solid AG)
    Cinta Bilang Cinta
    Cinta Bukan Sayur Asam
    Cintaku Tiada Ternilai
    Disimpang Jalan
    Gairah Cinta
    Jam Lima
    Kabar Cinta
    kacang Lupa Kulitnya
    Lima Menit Lagi
    Mau Apa Lagi
    Memori Daun Pisang (Feat Solid AG)
    Mimpi
    Nafas Cinta
    Oh Anakku
    Prasangka
    Retak
    Selalu Rindu
    Sesal
    Terkubur Cinta
    Terpedaya
Intan Ali
    Air Mata Pengantin
    Aku Orang Desa
    Bunga-Bunga Cinta
    Duka Di Atas Duka
    Kunanti Dipintu Surga
    Sebuah Nama
    Sakit Hati
    Seruling Asmara
    Terjerat Sepi
    Tersiksa Suami
Irma Erviana
    Aku Jadi Iri
    Buka Pintu
    Cinta Pertama
    Cecak Putih
    Cincin Mas Kawin
    Hai Penggoda
    Jhoni
    Kau Penggoda
    Korban Asmara
    Mr. Mahmud
Irvan Mansyur S
    Bukan Sandiwara
    Burung Camar
    Hanya Kamu
    Sejengkal Tanah
Itje Trisnawati
    Aduh-Aduh Cinta
    Aku Cinta Padamu
    Atas Nama Cinta
    Awas
    Badai Biru
    Berjanjilah
    Berteman Malam
    Betul Apa Tidak
    Bukan Cerita Dusta
    Bulan Halangan
    Bunga Dan Kumbang
    Cemburu Karena Sayang
    Dana Asmara
    Diam-diam Cemburu
    Duh Engkang
    Gelisah Dag Dig Dug
    Gula-Gula Cinta
    Jangan Dong
    Kau Kasihku
    Lenggang Kangkung
    Madu Merah
    Ning Nang Ning Nong
    Penantian
    Penuduh Tertuduh
    Reog Ponorogo
    Rindu Berat
    Romeo Bercinta
    Satu Malam
    Sebab Akibat
    Selalu Rindu
    Seruling Cinta
    Singgasana Cinta
    Stop Pacaran
    Taburan Bunga
    Tanda Tanya
    Tinggal Bilang Saja Bang
    Tinta Merah
    Wanita Dan Wanita
Iyeth Bustami
    Cindai
    Cinta Hanya Sekali
    Hang Tuah
    Ijuk
    Laila Canggung
    Laksamana Raja Di Laut
    Melody Cinta
    Mimpi Terindah
    Tanjung Katung
    Terbelenggu
    Yale-yale

 Jaja Miharja
    Aduh Nyai
    Apaan Tuh
    Bang Yang
    Bul Bul Efendy
    Cinta Ban Motor
    Cinta Sabun Mandi
    Cintaku Tergusur
    Daun Kering Bisa Basah
    Emaknya Bocah
    Gara Gara Kambing
    Jawa Sumatra
    Kata Orang
    Kawin Kredit
    Maria Mercedes
    Masa Kau Mau
    Masih Untung
    Nangis Bombay
    Penantian
    Putus Cinta
    Sandiwara Cinta
    Siti Maemunah
    Siti Marianis
    Surat Merah
    Tak Ada Duanya
    Oh Aminah
Jhonny Iskandar
    Ada Nggak Ada
    Bandung Jogja (Feat Evie Tamala)
    Bukan Pengemis Cinta
    Cermin Cinta
    Di Akhir Penyesalan
    Hampa
    Jangan Coba Coba
    Kau Bakar Hati Ini
    Kuharamkan Cintamu
    Mustika
    Olea Oleo
    Prahara
    Dosa Kau Anggap Madu
    Qais Dan Laila
    Rafita
    Secangkir Kopi
    Sengketa
    Zella
    Basah Kembali (Feat Mega Mustika)
Kristina
    Berakhir Pula
    Biarkanlah
    Bila Salah
    Cinta dalam Derita
    Darah Biru
    Goyang Bang
    Harapan dan Duka
    Jatuh Bangun
    Masih Punya Cinta
    Merana
    Merah Cintaku
    Merah Kau Bilang Biru
    Pelangi Tujuh Warna
    Sang Pujangga
    Secawan Madu
Latief Khan
    Berbalik Lidah
    Bibir Bermadu
    Cinta di Pantai Kuta
    Diana
    Dinda
    Gara-gara Harta
    Hukum Mati
    Izinkan Aku Mencintaimu
    Kecewa
    Kopi Dangdut
    Masih Adakah
    Nyata Di Depan Mata
    Penyesalan
    Permainan Cinta
    Putus Cinta
    Rana
Leo Waldy
    Atas Nama Cinta
    Cermin Cinta
    Cinta dan Perasaan
    Citra Cinta
    Hati Yang Sakit
    Kau Ingkar
    Kembalilah
    Kodrat
    Lupakan Aku
    Manis Neraka
    Marlina
    Mati Langkah
    Nurlela
    Pasrah
    Pengadilan Cinta
    Potret Kenangan
    Rindu
    Sayang Bilang Sayang
    Seandainya
    Tak Sebening Hatiku
    Tangisan Di Ujung Jalan
    Terhalang Dinding Kaca
    Tersiksa
    Tidak Semua Laki-laki
    Seandainya Dapat Bertemu Tuhan
    Suratan
Lilis Karlina
    Bayang-bayang
    Bulan Separuh
    Bunga Warung
    Cinta Terisolasi
    Goyang Karawang
    Kangen
    Kiss
    Nalangsa
    Purnama Di Kota Kembang
    Reformasi Cinta
    Siapa Kau
    Sindeng Jaipong
    Selebor
Machica Mochtar
    Bimbang
    Gelapnya Hatimu
    Gerah
    Ilalang
    Kehadiranmu
    Madu Asmara
    Tertawalah Sesukamu
    Tiada Air Mata
    Semua Untukmu
Manis Manja Grup
    Abah Emak
    Aduh Buyung
    Bete
    Bul Kibal Kibul
    Empat Angkatan
    Hanya Cinta Yang Kupunya
    Jangan Gila Dong
    Jodoh
    Lilin Putih
    Nol-nol
    Rindu Berta
    Sejak Pertama
    Seribu Hari
    Strees
    Suci Dalam Debu
    Suara Hati
Mansyur S
    Air Mata Perkawinan
    Air Tuba
    Aku Tak Mau Dimadu (Feat Elvy S)
    Aku Tak Percaya
    Anak Siapa
    Badriah
    Buta Karena Cinta
    Cinta Sampai Di sini
    Curi-curi
    Dahlia
    Dewiku
    Diam-diam Jatuh Cinta
    Doa Cinta
    Dua Dua
    Dusta
    Gadis Atau Janda
    Gadis Pantura
    Gelas Retak
    Gerimis
    Hartati
    Hati Yang Terluka
    Hiasan Mimpi
    Jangan Datang Lagi
    Jangan Mengharap
    Katanya
    Kawin Paksa
    Kenangan Desember
    Kertas dan Api
    Khana
    Kopi Susu (Feat Elvy S)
    Ku Minta Maaf
    Lidya
    Luka Yang Parah
    Maafkanlah
    Pagar Makan Tanaman
    Pelaminan Kelabu
    Penantian
    Pengorbanan
    Penyesalan
    Perawan Desa
    Pesan Perpisahan
    Putus Lagi
    Ramina
    Rani
    Rembulan Bersinar Lagi
    Salam Terakhir
    Santi
    Sedih
    Terima Dia Yang Malang
    Tetes Air Mata
    Untuk Apa Lagi
    Untung Aku Ngaca
    Wajah Di Balik Kaca
    Zubaidah
Mega Mustika
    Bukan Yang Pertama
    Bulan
    Bumi Semakin Panas
    Dingin
    Fatamorgana
    Hitam Bukan Putih
    Kasih Tak Sampai
    Kau Asing Di Mataku
    Mentari Jingga
    Pagi Sore
    Pertama dan Terakhir
    Piye-piye
    Punya Siapa
    Selimut Biru
    Untukmu Rembulan
    Basah Kembali
Meggy Z
        19 November
        Aku dan Semut Merah
        Air Mata Perkawinan
        Air Tuba
        Anak Haram
        Anggur Merah
        Anissa
        Anjing dan Sampah
        Bagai Disambar Petir
        Benang Biru
        Berakhir Pula
        Budi Jasa
        Bukan Jodohku
        Bunga Rindu
        Cambuk Derita
        Capek Hati
        Cinta Hitam
        Cinta Kembang Api
        Cinta Pertama
        Dari Hati Ke Hati
        Dusta
        Gading Retak
        Gubuk Bambu
        Hati Yang Luka
        Hutang Cinta
        Jandaku
        Jatuh Bangun
        Jeritan Hati
        Kabut November
        Kertas Basah
        Kesunyian Jiwa
        Khayalan Masa Lalu
        Kunang-Kunang
        Lebih Baik Sakit Gigi
        Madu Malam
        Mahal
        Masih Punya Cinta
        Mata Air Cinta
        Membujang
        Mengapa Bedakan
        Pahitnya Cinta
        Peristiwa Silam
        Permisi
        Permohonan
        Pintu Taubat
        Radio Cinta
        Sakau
        Sakit Hati
        Sebelum Kau Tahu
        Sedih
        Senyum Membawa Luka
        Seribu Benang Cinta
        Siksa Kubur
        Tak Berdaya
        Takut Sengsara
        Teras Biru
        Terhina
        Terkaya Di Dunia
        Terlanjur Basah
        Termiskin Di Dunia
        Udolah Tibo
        You
Mirnawati
    Aku Bukan Minuman
    Air Mata Tiada Arti
    Aku Bukan Minuman
    Bang Kodir
    Bukan Tak Mampu
    Bunga Pengantin
    Derita Janda
    Harapan Dan Duka
    Jeritan Hati
    Karang Cinta
    Kasih Sekejap
    Kelakuan
    Lobang Semut
    Mustika
    Rela
    Tabah
    Tiga Kali Terluka
    Tirai Cinta
Minawati Dewi
    Aku Tak Butuh Cinta
    Anggur Beracun
    Berdarah Lagi
    Tenda Biru
    Wanita Lubang Buaya
Muchsin Alatas
    Anggur Putih
    Berakhir Penantian
    Bersemilah
    Cinta Abadi
    Hati Yang Beku
    Hilang Tak Berkesan
    Kesunyian Jiwa
    Lidya
    Magdalena
    Maharani
    Maya
    Merana
    Nurlela
    Rena
    Pasrah
    Patah Kemudi
    Pengabdi Seni
    Sudah Tau Aku Orang Miskin
Murni Chania
    Emosi Diri
    Istilah Ikan
Nais Larasati
    Badai Perkawinan
    Ingin Kembali
    Mawar Di Tangan Melati Dipelukan
    Takdir
Nelly Agustin
    Banyak Betul Pacarmu
    Cempedak Berbuah Nangka
    Cubit Tak Mau Dicubit
    Hatimu Bukan Manusia
    Minta Kawin
Noer Halimah
    Andai
    Anggrek Jingga
    Cemara Biru
    Cinta Dibalik Terali
    Cuma Satu Lelaki
    Derita Di Atas Derita
    Dilarang Melarang
    Dua Musim
    Garis Merah
    Gedak Gedik Geduk
    Hidup Yang Fana
    Janji Itu Hutang
    Janur Kuning
    Jarum Yang Patah
    Keranda Cinta
    Mabuk Cinta
    Masih Kurangkah
    Matahariku
    Peramal Tua
    Perawan Bercinta
    Rumput Tetangga
    Sorang Sedikit
    Surat Merah
    Surat Terakhir
    Suratmu
    Tergila-gila
    Terpesona
    Tujuh Purnama
Ona Sutra
    Asam Di Gunung Garam Di Laut
    Barcelona
    Bola
    Bukan Dia
    Lanai Aku Lanai
    Sisa-sisa Cinta
    Terbayang-bayang
    Titip Cinta
Rana Rani
    Bayanganmu
    Biarkan Saja Orang Bicara
    Cinta Berduri
    Di Balik Penantian
    Maafkan Aku Sayang
    Mandul
    Memori Cinta
    Mimpi Buruk
    Rindu Menanti
    Salam Rindu
    Sebatas Kata Dan Rindu
    Sepondok Dua Cinta
    Tak Tega
    Terbelenggu
Rhoma Irama
    5 Milyar
    135/200 Juta
    1001 Macam
    Adu Domba
    Air Mata dan Mata Air
    Air Mata Darah
    Aku dan Dia
    Akulah Saudaramu
    Ampunilah
    Anak Kera
    Anak Pertama
    Anak Yang Malang
    Ani
    Anjing dan Sampah
    Apa Salahku
    Api dan Lautan
    Awet Muda
    Ayah Kawin Lagi
    Azza
    Baca
    Badai Fitnah
    Baju Satu Kering di Badan
    Banyak Jalan Menuju Roma
    Bebas
    Begadang I
    Begadang II
    Beku
    Bencana
    Berpacaran
    Bersatulah/Persatuan
    Bimbang
    Bismillah
    Bisnis
    Boleh Saja
    Bosan
    Buah Duri Neraka
    Buatmu Afganistan
    Bujangan
    Bulan Bintang
    Bulan Purnama
    Bunga Desa (Raib)
    Bunga Nusa Indah
    Bunga-bunga Ganja
    Buta Tuli
    Buta
    Camelia
    Cane
    Cinta Pertama
    Cinta Segitiga
    Citra Cinta
    Darah Muda
    Dendam
    Derita
    Derita Di Balik Tawa
    Dewa Amor
    Dilarang Melarang
    Duka Dalam Cinta
    Dunia
    Emansipasi Wanita
    Enggak Sanggup
    Engkau
    Euphoria
    Fakkir
    Firman Tuhan
    Fitnah Derita
    Gala-gala
    Gali Lobang Tutup Lobang
    Garis Pemisah
    Gelandangan
    Gembala Generasi Muda
    Ghibah
    Gitar Tua
    Gulali
    Habis Gelap Terbitlah Terang
    Haji
    Hak Azazi
    Hamba Nafsu
    Harga Diri
    Hari Berbangkit
    Harta
    Hmm..mm..Sedap
    Hubungan
    Ibu Kota
    Indonesia
    Ingkar
    Insan Yang Rugi
    Insya Allah
    Jaga Diri
    Jakarta
    Jana-jana
    Jangan Menghayal
    Jatuh Cinta
    Judi
    Jeritan Hati
    Kabar dan Dosa
    Kata Pujangga
    Kawula Muda
    Kegagalan Cinta
    Kehilangan Tongkat
    Kehilangan
    Kekasih
    Kelana I
    Kelana II
    Kelana III
    Kemana Dimana
    Kemarau
    Kematian
    Kenangan Indah
    Keramat
    Keroncong Melayu
    Kerudung Putih
    Keruntuhan Cinta
    Kesesatan
    Kiamat
    Kisah Di Bulan Juni
    Kita Adalah Satu
    Kutunggu
    Kuraca
    Ku Sayang Padamu
    Lailaahaillallah
    Lagi-lagi Cinta
    Lagu Kenangan
    Lain Lubuk Lain Kepala
    Langitpun Berduka
    Lapar
    Lari Pagi
    Lebaran
    Lelaki
    Lembah Hitam
    Lembur Kuring
    Lidah
    Lima
    Lingkaran Setan
    Malam Minggu
    Malang
    Malapetaka
    Mama
    Manis
    Marilah Sayang
    Masa Depan
    Masya Allah
    Melodi Cinta I
    Melodi Cinta II
    Membisu
    Menangis
    Meratap
    Mirasantika
    Misteri Cinta
    Modern
    Murni Sejati
    Musafir
    Musibah
    Musik
    Mutiara Hidupku
    Nafsu Serakah
    Narapidana
    Narkoba
    Nasibku
    Nilai Sehat
    Nostaliga
    Nyanyian Setan
    Pantun Pinuntun
    Patah Hati
    Pedih
    Pelangi
    Pemarah
    Pembaharuan
    Pemburu
    Pemilu
    Penasaran
    Pengabdian
    Pengangguran
    Pengorbanan
    Perbedaan
    Perjuangan dan Doa
    Persaingan
    Persetan
    Pertemuan
    Pesta Pasti Berakhir
    Primadona Desa
    Puja
    Qur&#8217;an dan Koran
    Rana Duka
    Rantai-rantai Derita
    Reformasi
    Remaja dan Bulan
    Remaja
    Renungan Budi
    Renungkanlah
    Risalah Penyanyi
    Roda Kehidupan
    Romantika
    Rupiah
    Sahabat
    Sahar Tallail
    Salam Rindu
    Saleha
    Sama Saja
    Satu Di Dunia
    Sebujur Bangkai
    Sedekah
    Semanis Madu
    Sembilan Bulan
    Seni
    Setan Pasti Kalah
    Setetes Air Hina
    Shalawat Badar
    Sifana
    Sohibah
    Stop
    Stress
    Sumbangan
    Suratmu
    Tabir Kepalsuan
    Tahi Lalat
    Tak Berdaya
    Tak Tega
    Takkan Lagi
    Tanamor
    Taqwa
    Teman
    Terajana
    Terpaksa
    Terserah Kita
    Tersesat
    Terus Berpacu
    Tiada Lagi
    Tidak Sepertimu
    Tiga Bencana
    Tung Keripit
    Uang
    Viva Dangdut
    Wahai Pesona
    Wulidal Habib
    Ya Le Le
    Yang
    Yatim Piyatu
    Yatim Piatu Tiada Ayah Bunda
    Ada Udang Di Balik Batu
    Aduhai
    Ajojing
    Aneh Tapi Nyata
    Apa Kabar
    Asam Garam
    Bahtera Cinta
    Banyak Utang
    Berbulan Madu
    Berdendang
    Bunga Surga
    Cape
    Cari Kerja
    Cinta Abadi
    Cinta Buta
    Colak-colek
    Cuma Kamu
    Dag Dig Dug
    Darah Tinggi
    Dasi dan Gincu
    Dawai Asmara
    Deritaku Deritamu
    Di Tepi Pantai
    Do Mi Sol
    Dua Tambah Tiga
    Hampir Saja
    Haram
    Hatimu Hatiku
    Hayo
    Hello-hello
    Isyarat Cinta
    Jamilah
    Janda Kembang
    Jangan Berjudi
    Joget
    Kampungan
    Kandungan
    Kau Kutanggung
    Kawin Lari
    Ke Binaria
    Ke Monas
    Ke Pasar Minggu
    Kerinduan
    Malam Cemerlang
    Malam Terakhir
    Mandul
    Menunggu
    Mera dan Yu
    Mini Midi Mixi
    Musim Semi
    Nggak Kedip-kedip
    Pacar Yang Baru
    Pantun Cinta
    Pertemuan
    Piano
    Pucuk Dicinta
    Puing-puing
    Rambate Rata Hayo (Feat Elvy)
    Rambate Rata Hayo (Feat Rita)
    Rindu (feat Elvy)
    Rujuk
    Sampai Pagi
    Santai
    Satu Antara Dua
    Sawan Kam Hina
    Siapa Yang Punya
    Suratan
    Syalala
    Syahdu
    Tak Dapat Tidur
    Tak Sendiri
    Tak Terduga
    Terharu
    Terkesima
    Ulurkan Tangan
    Yun Diayun
Rita Sugiarto
    1001 Janji
    Abang Kumis
    Abang Romi
    Acuh Tak Acuh
    Ada Udang Dibalik Batu
    Air Bunga
    Air Mata
    Air Mata Duka
    Anugrah Cinta
    Ajojing
    Apa Kabar
    Arjunaku
    Asmara
    Asyik
    Bagai Raja dan Ratu
    Bahasa Isyarat
    Bara Cinta
    Bercanda
    Berdendang
    Biarlah Merana
    Biduan
    Bisikan Cinta
    Buaya
    Bukan Srigala
    Bukan Yang Kupinta
    Bulan
    Bunga Hati
    Bunga Pengantin
    Bunga-bunga Rindu
    Cape
    Cemburu Buta
    Cincin Permata Biru
    Cincin Putih
    Cinta Segitiga
    Cinta Setengah Mati
    Cinta Berawan
    Cinta Semusim
    Cuma Kamu
    Cup-cup
    Curang
    Do Mi Sol
    Dua Kursi
    Fatamorgana
    Geli-geli Asyik
    Haram
    Hayo
    Hello Dangdut
    Hitam
    Hitam Putih
    Hujan Gerimis
    Idaman Hati
    Ikhlas
    Iming-iming
    Jacky
    Jangan Marah
    Jangan Rayu-rayu
    Janji
    Jejaka
    Joget
    Kandungan
    Kasih dan Sayang
    Kasih
    Kecolongan
    Kejam
    Kerinduan
    Kugapai Cintamu
    Kuingin
    Kunang-kunang
    Kupu-kupu
    Ku Terima Kalah
    Lautan Duka
    Lukaku
    Makan Darah
    Makan Hati
    Malam Terakhir
    Malam
    Manisnya Dosa
    Mati Lampu
    Menanti Kelahiran
    Mengapa
    Musafir Cinta
    Mutiara Cinta
    Nyatakanlah
    Om Jhonny
    Orang Asing
    Pacar Dunia Akhirat
    Pasangan
    Pengorbanan
    Percuma
    Perpisahan
    Pertemuan
    Pria Idaman
    Protes
    Rambate Rata Hayo
    Rindu Membara
    Rindu Setengah Mati
    Santai
    Sasaran Emosi
    Sebening Embun
    Secawan Anggur
    Sedih Sekali
    Sejuta Luka
    Selalu Rindu
    Semakin Sayang Semakin Kejam
    Sendiri
    Senyumku
    Senyumanmu
    Sesal
    Siapa Yang Punya
    Siapakah
    Si Kecil
    Silakan Masuk
    Simponi
    Srigala Berbulu Domba
    Surga Di Telapak Kaki Ibu
    Syahdu
    Tak Dapat Tidur
    Tak Sabar
    Tak Terduga
    Tak Pernah
    Teman Biasa
    Ternyata
    Tersisih
    Tinta Merah
    Yang
    Yun Diayun
    Zainal
Riza Umami
    Abdullah &#8211; Halimah
    Antara Ayah dan Kasih
    Andai
    Antara Teman dan Kasih
    Cinta Berliku
    Curahan Hati
    Datang dan Pergi
    Derita dan Taqwa
    Doa Untuk Narapidana
    Duka
    Dunia
    Fajar Harapan
    Hanya Sebuah Bintang
    Isyarat Cinta
    Jangan Kau Mabuk Cinta
    Jangan Gitu Ah
    Jera
    Karena Dia
    Karena Sumpah
    Kau Tetap Misteri
    Khayal dan Mimpi
    Kepasrahan
    Lingkaran Setan
    Malin Kundang
    Mera dan Yu
    Penyakit Cinta
    Pura-pura
    Ranjang Pengantin
    Rintihan Jiwa
    Salah Tingkah
    Salam Perpisahan
    Sama-sama Cinta
    Tak Kuasa
    Usah Kau Tangisi
    Suara Gendang
    Suratan
Santa Hoky
    Asal Bapak Senang
    Asmara Di Bus Kota
    Dangdut Awet Muda
    Kalau Masih Boleh
    Mobil dan Bensin
    Paling Seksi
    Pengalaman Cinta Pertama
    Pokonya Aku Cinta Kamu
    Pesona Wanita
    Setangkai Bunga Padi
    Suara Hati
Titik Noer
    Adakah Cinta Di Hatimu
    Aku Senang Dia Senang
    Akhir Cintaku
    Badai Derita
    Cinta Imitasi
    Cinta Yang Kelabu
    Cinta Bercabang
    Di Atas Daun Kering
    Haruskah Ku Menangis
    Karena Putus Cinta
    Ku Membagi Cinta
    Mengalah
    Menabur Benih Di Atas Batu
    Saya Milik Kang Mas
    Terluka
    Terlanjur Hidup Begini
    Umpan Beracun
    Penyesalan 1
    Penyesalan 2
    Penantian
    Perahu Retak
    Pesta Anak Nelayan
    Zaman Eda
Vetty Vera
    Abang Ngetrend
    Angin Malam
    Apa Betul
    Benar Gawat
    Diraba-raba
    Ganti Baju
    Harapan dan Doa
    Ikhlas
    Jakarta dan Kasihku
    Kacamata Cinta
    Ketangkap Basah
    Macho
    Mandi Capung
    Mata Keranjang
    Penyakit Cinta
    Puber Kedua
    Repot
    Resep Cinta
    Santai
    Sedang-sedang Saja
    Sehari
    Suka-suka Aku
    Suratan Cintaku
    Terserah Kita
Yunita Ababil
    Badai
    Bukan Kuharamkan
    Bunga-bunga Cinta
    Catatan Dusta
    Dia adalah Dia
    Insyaf
    Katakanlah
    Kau Segalanya
    Kepastian
    Ketika Dusta Bicara
    Manis Basah
    Jangan Dendam
    Pasrah
    Perasaan Wanita
    Permohonan Kasih
    Pertengkaran
    Pertemuan
    Potret Tua
    Sabar
    Sebatas Kata dan Rindu
    Sisa Kenangan
    Tak Kau Hiraukan
    Terguncang
    Trauma
Yulia Citra
    Air Mata Luka
    Biarlah Hati Sepi
    Bumbu Cinta
    Cinta Tak Seperti Gaun
    Di Balik Penantian
    Hati Tambah Perih
    Jangan Sakiti Aku
    Kau Buka Tirai Hatiku
    Kejarlah Daku
    Melukis Di Atas Pasir
    Menyulam Kain Rapuh
    Pendusta Cinta
    Perlu Tahu
    Pestamu Dukaku
    Sekapur Sirih
    Tanpamu Aku Tiada Berarti
Yusnia
    Aku Bukan Patung
    Antara Senyum dan Perang
    Angin Surga
    Berjalan Di Atas Duri
    Gubuk Derita
    Habis Gelap Terbitlah Terang
    Hati Yang Luka
    Ketemu Bulan
    Manusia dan Cobaan
    Rama dan Shinta
    Tangan-tangan Hitam
    TST (Tau Sama Tau)
    Tiada Guna
Yus Yunus
    Arjun (Feat Iis Dahlia)
    Cinta di Balas Cinta (Feat Murni Chania)
    Gadis Malaysia
    Sapu Tangan Merah
    Sopir Taksi dan Gadis Desa (Feat Iis Dahlia)
Lagu Terkenal Lain
    Air Mata Perpisahan (Tommy J Pisa)
    Bang Mandor (Nitha Thalia)
    Bantal Guling Bisa Bicara (Lady Ros)
    Bintang Pentas (Dewi Persik)
    Buka Dikit Joss (Juwita Bahar)
    Cinta Kasihku (Rika Malia)
    Duit (Endang Kurnia)
    Goyang Heboh (Nitha Thalia)
    Goyang Inul (Inul Daratista)
    Hidup Di Antara Dua Cinta (Tuty Wibowo)
    Hujan Di Malam Minggu (Bintang MSC Record)
    Janda (Mas&#8217;ud Sidik)
    Jablay
    Jembatan Semanggi (Mala Madia)
    Kopi Dangdut (Fahmi Sahab)
    Lautan Madu (Cintya Sari)
    Mengapa (Satu) (Ida Royani)
    Pacar Temanku (Shamila Cahya)
    Pemuda Idaman (Ningsih)
    Rembulan dan Matahari (Fitri Sati)
    Resesi Dunia (Mara Karma)
    Sarapan Pagi (Fazal Dath &amp; Trisna Levia)
    Sekedar Bertanya (Dina Mariana)
    Selamat Jalan (Nana Mardiana)
    Tidak Semua Laki-laki (Basofie Sudirman)
